This is XeTeX, Version 3.141592653-2.6-0.999993 (TeX Live 2022/dev/Debian) (preloaded format=xelatex 2026.3.7)  17 MAR 2026 11:04
entering extended mode
 restricted \write18 enabled.
 %&-line parsing enabled.
**thesis_en.tex
(./thesis_en.tex
LaTeX2e <2021-11-15> patch level 1
L3 programming layer <2022-01-21> (./knuthesis_en.cls
Document Class: knuthesis_en 2026/03/12 KNU PhD Thesis Class (English)
(/usr/share/texlive/texmf-dist/tex/latex/base/report.cls
Document Class: report 2021/10/04 v1.4n Standard LaTeX document class
(/usr/share/texlive/texmf-dist/tex/latex/base/size11.clo
File: size11.clo 2021/10/04 v1.4n Standard LaTeX file (size option)
)
\c@part=\count181
\c@chapter=\count182
\c@section=\count183
\c@subsection=\count184
\c@subsubsection=\count185
\c@paragraph=\count186
\c@subparagraph=\count187
\c@figure=\count188
\c@table=\count189
\abovecaptionskip=\skip47
\belowcaptionskip=\skip48
\bibindent=\dimen138
)
(/usr/share/texlive/texmf-dist/tex/latex/base/ifthen.sty
Package: ifthen 2020/11/24 v1.1c Standard LaTeX ifthen package (DPC)
)
(/usr/share/texlive/texmf-dist/tex/latex/setspace/setspace.sty
Package: setspace 2011/12/19 v6.7a set line spacing
)
(/usr/share/texlive/texmf-dist/tex/latex/geometry/geometry.sty
Package: geometry 2020/01/02 v5.9 Page Geometry

(/usr/share/texlive/texmf-dist/tex/latex/graphics/keyval.sty
Package: keyval 2014/10/28 v1.15 key=value parser (DPC)
\KV@toks@=\toks16
)
(/usr/share/texlive/texmf-dist/tex/generic/iftex/ifvtex.sty
Package: ifvtex 2019/10/25 v1.7 ifvtex legacy package. Use iftex instead.

(/usr/share/texlive/texmf-dist/tex/generic/iftex/iftex.sty
Package: iftex 2020/03/06 v1.0d TeX engine tests
))
\Gm@cnth=\count190
\Gm@cntv=\count191
\c@Gm@tempcnt=\count192
\Gm@bindingoffset=\dimen139
\Gm@wd@mp=\dimen140
\Gm@odd@mp=\dimen141
\Gm@even@mp=\dimen142
\Gm@layoutwidth=\dimen143
\Gm@layoutheight=\dimen144
\Gm@layouthoffset=\dimen145
\Gm@layoutvoffset=\dimen146
\Gm@dimlist=\toks17
))
(/usr/share/texlive/texmf-dist/tex/latex/amsmath/amsmath.sty
Package: amsmath 2021/10/15 v2.17l AMS math features
\@mathmargin=\skip49

For additional information on amsmath, use the `?' option.
(/usr/share/texlive/texmf-dist/tex/latex/amsmath/amstext.sty
Package: amstext 2021/08/26 v2.01 AMS text

(/usr/share/texlive/texmf-dist/tex/latex/amsmath/amsgen.sty
File: amsgen.sty 1999/11/30 v2.0 generic functions
\@emptytoks=\toks18
\ex@=\dimen147
))
(/usr/share/texlive/texmf-dist/tex/latex/amsmath/amsbsy.sty
Package: amsbsy 1999/11/29 v1.2d Bold Symbols
\pmbraise@=\dimen148
)
(/usr/share/texlive/texmf-dist/tex/latex/amsmath/amsopn.sty
Package: amsopn 2021/08/26 v2.02 operator names
)
\inf@bad=\count193
LaTeX Info: Redefining \frac on input line 234.
\uproot@=\count194
\leftroot@=\count195
LaTeX Info: Redefining \overline on input line 399.
\classnum@=\count196
\DOTSCASE@=\count197
LaTeX Info: Redefining \ldots on input line 496.
LaTeX Info: Redefining \dots on input line 499.
LaTeX Info: Redefining \cdots on input line 620.
\Mathstrutbox@=\box50
\strutbox@=\box51
\big@size=\dimen149
LaTeX Font Info:    Redeclaring font encoding OML on input line 743.
LaTeX Font Info:    Redeclaring font encoding OMS on input line 744.
\macc@depth=\count198
\c@MaxMatrixCols=\count199
\dotsspace@=\muskip16
\c@parentequation=\count266
\dspbrk@lvl=\count267
\tag@help=\toks19
\row@=\count268
\column@=\count269
\maxfields@=\count270
\andhelp@=\toks20
\eqnshift@=\dimen150
\alignsep@=\dimen151
\tagshift@=\dimen152
\tagwidth@=\dimen153
\totwidth@=\dimen154
\lineht@=\dimen155
\@envbody=\toks21
\multlinegap=\skip50
\multlinetaggap=\skip51
\mathdisplay@stack=\toks22
LaTeX Info: Redefining \[ on input line 2938.
LaTeX Info: Redefining \] on input line 2939.
)
(/usr/share/texlive/texmf-dist/tex/latex/amsfonts/amssymb.sty
Package: amssymb 2013/01/14 v3.01 AMS font symbols

(/usr/share/texlive/texmf-dist/tex/latex/amsfonts/amsfonts.sty
Package: amsfonts 2013/01/14 v3.01 Basic AMSFonts support
\symAMSa=\mathgroup4
\symAMSb=\mathgroup5
LaTeX Font Info:    Redeclaring math symbol \hbar on input line 98.
LaTeX Font Info:    Overwriting math alphabet `\mathfrak' in version `bold'
(Font)                  U/euf/m/n --> U/euf/b/n on input line 106.
))
(/usr/share/texlive/texmf-dist/tex/latex/jknapltx/mathrsfs.sty
Package: mathrsfs 1996/01/01 Math RSFS package v1.0 (jk)
\symrsfs=\mathgroup6
)
(/usr/share/texlive/texmf-dist/tex/latex/graphics/graphicx.sty
Package: graphicx 2021/09/16 v1.2d Enhanced LaTeX Graphics (DPC,SPQR)

(/usr/share/texlive/texmf-dist/tex/latex/graphics/graphics.sty
Package: graphics 2021/03/04 v1.4d Standard LaTeX Graphics (DPC,SPQR)

(/usr/share/texlive/texmf-dist/tex/latex/graphics/trig.sty
Package: trig 2021/08/11 v1.11 sin cos tan (DPC)
)
(/usr/share/texlive/texmf-dist/tex/latex/graphics-cfg/graphics.cfg
File: graphics.cfg 2016/06/04 v1.11 sample graphics configuration
)
Package graphics Info: Driver file: xetex.def on input line 107.

(/usr/share/texlive/texmf-dist/tex/latex/graphics-def/xetex.def
File: xetex.def 2021/03/18 v5.0k Graphics/color driver for xetex
))
\Gin@req@height=\dimen156
\Gin@req@width=\dimen157
)
(/usr/share/texlive/texmf-dist/tex/latex/booktabs/booktabs.sty
Package: booktabs 2020/01/12 v1.61803398 Publication quality tables
\heavyrulewidth=\dimen158
\lightrulewidth=\dimen159
\cmidrulewidth=\dimen160
\belowrulesep=\dimen161
\belowbottomsep=\dimen162
\aboverulesep=\dimen163
\abovetopsep=\dimen164
\cmidrulesep=\dimen165
\cmidrulekern=\dimen166
\defaultaddspace=\dimen167
\@cmidla=\count271
\@cmidlb=\count272
\@aboverulesep=\dimen168
\@belowrulesep=\dimen169
\@thisruleclass=\count273
\@lastruleclass=\count274
\@thisrulewidth=\dimen170
)
(/usr/share/texlive/texmf-dist/tex/latex/tools/tabularx.sty
Package: tabularx 2020/01/15 v2.11c `tabularx' package (DPC)

(/usr/share/texlive/texmf-dist/tex/latex/tools/array.sty
Package: array 2021/10/04 v2.5f Tabular extension package (FMi)
\col@sep=\dimen171
\ar@mcellbox=\box52
\extrarowheight=\dimen172
\NC@list=\toks23
\extratabsurround=\skip52
\backup@length=\skip53
\ar@cellbox=\box53
)
\TX@col@width=\dimen173
\TX@old@table=\dimen174
\TX@old@col=\dimen175
\TX@target=\dimen176
\TX@delta=\dimen177
\TX@cols=\count275
\TX@ftn=\toks24
)
(/usr/share/texlive/texmf-dist/tex/latex/multirow/multirow.sty
Package: multirow 2021/03/15 v2.8 Span multiple rows of a table
\multirow@colwidth=\skip54
\multirow@cntb=\count276
\multirow@dima=\skip55
\bigstrutjot=\dimen178
)
(/usr/share/texlive/texmf-dist/tex/latex/tools/longtable.sty
Package: longtable 2021-09-01 v4.17 Multi-page Table package (DPC)
\LTleft=\skip56
\LTright=\skip57
\LTpre=\skip58
\LTpost=\skip59
\LTchunksize=\count277
\LTcapwidth=\dimen179
\LT@head=\box54
\LT@firsthead=\box55
\LT@foot=\box56
\LT@lastfoot=\box57
\LT@gbox=\box58
\LT@cols=\count278
\LT@rows=\count279
\c@LT@tables=\count280
\c@LT@chunks=\count281
\LT@p@ftn=\toks25
)
(/usr/share/texlive/texmf-dist/tex/latex/adjustbox/adjustbox.sty
Package: adjustbox 2020/08/19 v1.3 Adjusting TeX boxes (trim, clip, ...)

(/usr/share/texlive/texmf-dist/tex/latex/xkeyval/xkeyval.sty
Package: xkeyval 2020/11/20 v2.8 package option processing (HA)

(/usr/share/texlive/texmf-dist/tex/generic/xkeyval/xkeyval.tex
(/usr/share/texlive/texmf-dist/tex/generic/xkeyval/xkvutils.tex
\XKV@toks=\toks26
\XKV@tempa@toks=\toks27
)
\XKV@depth=\count282
File: xkeyval.tex 2014/12/03 v2.7a key=value parser (HA)
))
(/usr/share/texlive/texmf-dist/tex/latex/adjustbox/adjcalc.sty
Package: adjcalc 2012/05/16 v1.1 Provides advanced setlength with multiple back
-ends (calc, etex, pgfmath)
)
(/usr/share/texlive/texmf-dist/tex/latex/adjustbox/trimclip.sty
Package: trimclip 2020/08/19 v1.2 Trim and clip general TeX material

(/usr/share/texlive/texmf-dist/tex/latex/collectbox/collectbox.sty
Package: collectbox 2012/05/17 v0.4b Collect macro arguments as boxes
\collectedbox=\box59
)
\tc@llx=\dimen180
\tc@lly=\dimen181
\tc@urx=\dimen182
\tc@ury=\dimen183
Package trimclip Info: Using driver 'tc-xetex.def'.

(/usr/share/texlive/texmf-dist/tex/latex/adjustbox/tc-xetex.def
File: tc-xetex.def 2019/01/04 v2.2 Clipping driver for xetex
))
\adjbox@Width=\dimen184
\adjbox@Height=\dimen185
\adjbox@Depth=\dimen186
\adjbox@Totalheight=\dimen187
\adjbox@pwidth=\dimen188
\adjbox@pheight=\dimen189
\adjbox@pdepth=\dimen190
\adjbox@ptotalheight=\dimen191

(/usr/share/texlive/texmf-dist/tex/latex/ifoddpage/ifoddpage.sty
Package: ifoddpage 2016/04/23 v1.1 Conditionals for odd/even page detection
\c@checkoddpage=\count283
)
(/usr/share/texlive/texmf-dist/tex/latex/varwidth/varwidth.sty
Package: varwidth 2009/03/30 ver 0.92;  Variable-width minipages
\@vwid@box=\box60
\sift@deathcycles=\count284
\@vwid@loff=\dimen192
\@vwid@roff=\dimen193
))
(/usr/share/texlive/texmf-dist/tex/latex/algorithm2e/algorithm2e.sty
Invalid UTF-8 byte or sequence at line 284 replaced by U+FFFD.
Invalid UTF-8 byte or sequence at line 299 replaced by U+FFFD.
Invalid UTF-8 byte or sequence at line 550 replaced by U+FFFD.
Package: algorithm2e 2017/07/18 v5.2 algorithms environments
\c@AlgoLine=\count285
\algocf@hangindent=\skip60

(/usr/share/texlive/texmf-dist/tex/latex/tools/xspace.sty
Package: xspace 2014/10/28 v1.13 Space after command names (DPC,MH)
)
(/usr/share/texlive/texmf-dist/tex/latex/relsize/relsize.sty
Package: relsize 2013/03/29 ver 4.1
)
\skiptotal=\skip61
\skiplinenumber=\skip62
\skiprule=\skip63
\skiphlne=\skip64
\skiptext=\skip65
\skiplength=\skip66
\algomargin=\skip67
\skipalgocfslide=\skip68
\algowidth=\dimen194
\inoutsize=\dimen195
\inoutindent=\dimen196
\interspacetitleruled=\dimen197
\interspacealgoruled=\dimen198
\interspacetitleboxruled=\dimen199
\algocf@ruledwidth=\skip69
\algocf@inoutbox=\box61
\algocf@inputbox=\box62
\AlCapSkip=\skip70
\AlCapHSkip=\skip71
\algoskipindent=\skip72
\algocf@nlbox=\box63
\algocf@hangingbox=\box64
\algocf@untilbox=\box65
\algocf@skipuntil=\skip73
\algocf@capbox=\box66
\algocf@lcaptionbox=\skip74
\algoheightruledefault=\skip75
\algoheightrule=\skip76
\algotitleheightruledefault=\skip77
\algotitleheightrule=\skip78
\c@algocfline=\count286
\c@algocfproc=\count287
\c@algocf=\count288
\algocf@algoframe=\box67
\algocf@algobox=\box68
)
(/usr/share/texlive/texmf-dist/tex/latex/listings/listings.sty
\lst@mode=\count289
\lst@gtempboxa=\box69
\lst@token=\toks28
\lst@length=\count290
\lst@currlwidth=\dimen256
\lst@column=\count291
\lst@pos=\count292
\lst@lostspace=\dimen257
\lst@width=\dimen258
\lst@newlines=\count293
\lst@lineno=\count294
\lst@maxwidth=\dimen259

(/usr/share/texlive/texmf-dist/tex/latex/listings/lstmisc.sty
File: lstmisc.sty 2020/03/24 1.8d (Carsten Heinz)
\c@lstnumber=\count295
\lst@skipnumbers=\count296
\lst@framebox=\box70
)
(/usr/share/texlive/texmf-dist/tex/latex/listings/listings.cfg
File: listings.cfg 2020/03/24 1.8d listings configuration
))
Package: listings 2020/03/24 1.8d (Carsten Heinz)

(/usr/share/texlive/texmf-dist/tex/latex/natbib/natbib.sty
Package: natbib 2010/09/13 8.31b (PWD, AO)
\bibhang=\skip79
\bibsep=\skip80
LaTeX Info: Redefining \cite on input line 694.
\c@NAT@ctr=\count297
)
(/usr/share/texlive/texmf-dist/tex/latex/hyperref/hyperref.sty
Package: hyperref 2021-06-07 v7.00m Hypertext links for LaTeX

(/usr/share/texlive/texmf-dist/tex/generic/ltxcmds/ltxcmds.sty
Package: ltxcmds 2020-05-10 v1.25 LaTeX kernel commands for general use (HO)
)
(/usr/share/texlive/texmf-dist/tex/generic/pdftexcmds/pdftexcmds.sty
Package: pdftexcmds 2020-06-27 v0.33 Utility functions of pdfTeX for LuaTeX (HO
)

(/usr/share/texlive/texmf-dist/tex/generic/infwarerr/infwarerr.sty
Package: infwarerr 2019/12/03 v1.5 Providing info/warning/error messages (HO)
)
Package pdftexcmds Info: \pdf@primitive is available.
Package pdftexcmds Info: \pdf@ifprimitive is available.
Package pdftexcmds Info: \pdfdraftmode not found.
)
(/usr/share/texlive/texmf-dist/tex/generic/kvsetkeys/kvsetkeys.sty
Package: kvsetkeys 2019/12/15 v1.18 Key value parser (HO)
)
(/usr/share/texlive/texmf-dist/tex/generic/kvdefinekeys/kvdefinekeys.sty
Package: kvdefinekeys 2019-12-19 v1.6 Define keys (HO)
)
(/usr/share/texlive/texmf-dist/tex/generic/pdfescape/pdfescape.sty
Package: pdfescape 2019/12/09 v1.15 Implements pdfTeX's escape features (HO)
)
(/usr/share/texlive/texmf-dist/tex/latex/hycolor/hycolor.sty
Package: hycolor 2020-01-27 v1.10 Color options for hyperref/bookmark (HO)
)
(/usr/share/texlive/texmf-dist/tex/latex/letltxmacro/letltxmacro.sty
Package: letltxmacro 2019/12/03 v1.6 Let assignment for LaTeX macros (HO)
)
(/usr/share/texlive/texmf-dist/tex/latex/auxhook/auxhook.sty
Package: auxhook 2019-12-17 v1.6 Hooks for auxiliary files (HO)
)
(/usr/share/texlive/texmf-dist/tex/latex/kvoptions/kvoptions.sty
Package: kvoptions 2020-10-07 v3.14 Key value format for package options (HO)
)
\@linkdim=\dimen260
\Hy@linkcounter=\count298
\Hy@pagecounter=\count299

(/usr/share/texlive/texmf-dist/tex/latex/hyperref/pd1enc.def
File: pd1enc.def 2021-06-07 v7.00m Hyperref: PDFDocEncoding definition (HO)
)
(/usr/share/texlive/texmf-dist/tex/latex/hyperref/hyperref-langpatches.def
File: hyperref-langpatches.def 2021-06-07 v7.00m Hyperref: patches for babel la
nguages
)
(/usr/share/texlive/texmf-dist/tex/generic/intcalc/intcalc.sty
Package: intcalc 2019/12/15 v1.3 Expandable calculations with integers (HO)
)
(/usr/share/texlive/texmf-dist/tex/generic/etexcmds/etexcmds.sty
Package: etexcmds 2019/12/15 v1.7 Avoid name clashes with e-TeX commands (HO)
)
\Hy@SavedSpaceFactor=\count300

(/usr/share/texlive/texmf-dist/tex/latex/hyperref/puenc.def
File: puenc.def 2021-06-07 v7.00m Hyperref: PDF Unicode definition (HO)
)
Package hyperref Info: Option `unicode' set `true' on input line 4073.

(/usr/share/texlive/texmf-dist/tex/generic/stringenc/stringenc.sty
Package: stringenc 2019/11/29 v1.12 Convert strings between diff. encodings (HO
)
)
Package hyperref Info: Option `colorlinks' set `true' on input line 4073.
Package hyperref Info: Hyper figures OFF on input line 4192.
Package hyperref Info: Link nesting OFF on input line 4197.
Package hyperref Info: Hyper index ON on input line 4200.
Package hyperref Info: Plain pages OFF on input line 4207.
Package hyperref Info: Backreferencing OFF on input line 4212.
Package hyperref Info: Implicit mode ON; LaTeX internals redefined.
Package hyperref Info: Bookmarks ON on input line 4445.
\c@Hy@tempcnt=\count301

(/usr/share/texlive/texmf-dist/tex/latex/url/url.sty
\Urlmuskip=\muskip17
Package: url 2013/09/16  ver 3.4  Verb mode for urls, etc.
)
LaTeX Info: Redefining \url on input line 4804.
\XeTeXLinkMargin=\dimen261

(/usr/share/texlive/texmf-dist/tex/generic/bitset/bitset.sty
Package: bitset 2019/12/09 v1.3 Handle bit-vector datatype (HO)

(/usr/share/texlive/texmf-dist/tex/generic/bigintcalc/bigintcalc.sty
Package: bigintcalc 2019/12/15 v1.5 Expandable calculations on big integers (HO
)
))
\Fld@menulength=\count302
\Field@Width=\dimen262
\Fld@charsize=\dimen263
Package hyperref Info: Hyper figures OFF on input line 6076.
Package hyperref Info: Link nesting OFF on input line 6081.
Package hyperref Info: Hyper index ON on input line 6084.
Package hyperref Info: backreferencing OFF on input line 6091.
Package hyperref Info: Link coloring ON on input line 6094.
Package hyperref Info: Link coloring with OCG OFF on input line 6101.
Package hyperref Info: PDF/A mode OFF on input line 6106.
LaTeX Info: Redefining \ref on input line 6146.
LaTeX Info: Redefining \pageref on input line 6150.

(/usr/share/texlive/texmf-dist/tex/latex/base/atbegshi-ltx.sty
Package: atbegshi-ltx 2021/01/10 v1.0c Emulation of the original atbegshi
package with kernel methods
)
\Hy@abspage=\count303
\c@Item=\count304
\c@Hfootnote=\count305
)
Package hyperref Info: Driver (autodetected): hxetex.

(/usr/share/texlive/texmf-dist/tex/latex/hyperref/hxetex.def
File: hxetex.def 2021-06-07 v7.00m Hyperref driver for XeTeX
\pdfm@box=\box71
\c@Hy@AnnotLevel=\count306
\HyField@AnnotCount=\count307
\Fld@listcount=\count308
\c@bookmark@seq@number=\count309

(/usr/share/texlive/texmf-dist/tex/latex/rerunfilecheck/rerunfilecheck.sty
Package: rerunfilecheck 2019/12/05 v1.9 Rerun checks for auxiliary files (HO)

(/usr/share/texlive/texmf-dist/tex/latex/base/atveryend-ltx.sty
Package: atveryend-ltx 2020/08/19 v1.0a Emulation of the original atveryend pac
kage
with kernel methods
)
(/usr/share/texlive/texmf-dist/tex/generic/uniquecounter/uniquecounter.sty
Package: uniquecounter 2019/12/15 v1.4 Provide unlimited unique counter (HO)
)
Package uniquecounter Info: New unique counter `rerunfilecheck' on input line 2
86.
)
\Hy@SectionHShift=\skip81
)
(/usr/share/texlive/texmf-dist/tex/latex/bookmark/bookmark.sty
Package: bookmark 2020-11-06 v1.29 PDF bookmarks (HO)

(/usr/share/texlive/texmf-dist/tex/latex/bookmark/bkm-dvipdfm.def
File: bkm-dvipdfm.def 2020-11-06 v1.29 bookmark driver for dvipdfm (HO)
\BKM@id=\count310
))
(/usr/share/texlive/texmf-dist/tex/latex/pgf/frontendlayer/tikz.sty
(/usr/share/texlive/texmf-dist/tex/latex/pgf/basiclayer/pgf.sty
(/usr/share/texlive/texmf-dist/tex/latex/pgf/utilities/pgfrcs.sty
(/usr/share/texlive/texmf-dist/tex/generic/pgf/utilities/pgfutil-common.tex
\pgfutil@everybye=\toks29
\pgfutil@tempdima=\dimen264
\pgfutil@tempdimb=\dimen265

(/usr/share/texlive/texmf-dist/tex/generic/pgf/utilities/pgfutil-common-lists.t
ex)) (/usr/share/texlive/texmf-dist/tex/generic/pgf/utilities/pgfutil-latex.def
\pgfutil@abb=\box72
) (/usr/share/texlive/texmf-dist/tex/generic/pgf/utilities/pgfrcs.code.tex
(/usr/share/texlive/texmf-dist/tex/generic/pgf/pgf.revision.tex)
Package: pgfrcs 2021/05/15 v3.1.9a (3.1.9a)
))
Package: pgf 2021/05/15 v3.1.9a (3.1.9a)

(/usr/share/texlive/texmf-dist/tex/latex/pgf/basiclayer/pgfcore.sty
(/usr/share/texlive/texmf-dist/tex/latex/pgf/systemlayer/pgfsys.sty
(/usr/share/texlive/texmf-dist/tex/generic/pgf/systemlayer/pgfsys.code.tex
Package: pgfsys 2021/05/15 v3.1.9a (3.1.9a)

(/usr/share/texlive/texmf-dist/tex/generic/pgf/utilities/pgfkeys.code.tex
\pgfkeys@pathtoks=\toks30
\pgfkeys@temptoks=\toks31

(/usr/share/texlive/texmf-dist/tex/generic/pgf/utilities/pgfkeysfiltered.code.t
ex
\pgfkeys@tmptoks=\toks32
))
\pgf@x=\dimen266
\pgf@y=\dimen267
\pgf@xa=\dimen268
\pgf@ya=\dimen269
\pgf@xb=\dimen270
\pgf@yb=\dimen271
\pgf@xc=\dimen272
\pgf@yc=\dimen273
\pgf@xd=\dimen274
\pgf@yd=\dimen275
\w@pgf@writea=\write3
\r@pgf@reada=\read2
\c@pgf@counta=\count311
\c@pgf@countb=\count312
\c@pgf@countc=\count313
\c@pgf@countd=\count314
\t@pgf@toka=\toks33
\t@pgf@tokb=\toks34
\t@pgf@tokc=\toks35
\pgf@sys@id@count=\count315
 (/usr/share/texlive/texmf-dist/tex/generic/pgf/systemlayer/pgf.cfg
File: pgf.cfg 2021/05/15 v3.1.9a (3.1.9a)
)
Driver file for pgf: pgfsys-xetex.def

(/usr/share/texlive/texmf-dist/tex/generic/pgf/systemlayer/pgfsys-xetex.def
File: pgfsys-xetex.def 2021/05/15 v3.1.9a (3.1.9a)

(/usr/share/texlive/texmf-dist/tex/generic/pgf/systemlayer/pgfsys-dvipdfmx.def
File: pgfsys-dvipdfmx.def 2021/05/15 v3.1.9a (3.1.9a)

(/usr/share/texlive/texmf-dist/tex/generic/pgf/systemlayer/pgfsys-common-pdf.de
f
File: pgfsys-common-pdf.def 2021/05/15 v3.1.9a (3.1.9a)
)
\pgfsys@objnum=\count316
)))
(/usr/share/texlive/texmf-dist/tex/generic/pgf/systemlayer/pgfsyssoftpath.code.
tex
File: pgfsyssoftpath.code.tex 2021/05/15 v3.1.9a (3.1.9a)
\pgfsyssoftpath@smallbuffer@items=\count317
\pgfsyssoftpath@bigbuffer@items=\count318
)
(/usr/share/texlive/texmf-dist/tex/generic/pgf/systemlayer/pgfsysprotocol.code.
tex
File: pgfsysprotocol.code.tex 2021/05/15 v3.1.9a (3.1.9a)
)) (/usr/share/texlive/texmf-dist/tex/latex/xcolor/xcolor.sty
Package: xcolor 2021/10/31 v2.13 LaTeX color extensions (UK)

(/usr/share/texlive/texmf-dist/tex/latex/graphics-cfg/color.cfg
File: color.cfg 2016/01/02 v1.6 sample color configuration
)
Package xcolor Info: Driver file: xetex.def on input line 227.
Package xcolor Info: Model `cmy' substituted by `cmy0' on input line 1352.
Package xcolor Info: Model `RGB' extended on input line 1368.
Package xcolor Info: Model `HTML' substituted by `rgb' on input line 1370.
Package xcolor Info: Model `Hsb' substituted by `hsb' on input line 1371.
Package xcolor Info: Model `tHsb' substituted by `hsb' on input line 1372.
Package xcolor Info: Model `HSB' substituted by `hsb' on input line 1373.
Package xcolor Info: Model `Gray' substituted by `gray' on input line 1374.
Package xcolor Info: Model `wave' substituted by `hsb' on input line 1375.
)
(/usr/share/texlive/texmf-dist/tex/generic/pgf/basiclayer/pgfcore.code.tex
Package: pgfcore 2021/05/15 v3.1.9a (3.1.9a)

(/usr/share/texlive/texmf-dist/tex/generic/pgf/math/pgfmath.code.tex
(/usr/share/texlive/texmf-dist/tex/generic/pgf/math/pgfmathcalc.code.tex
(/usr/share/texlive/texmf-dist/tex/generic/pgf/math/pgfmathutil.code.tex)
(/usr/share/texlive/texmf-dist/tex/generic/pgf/math/pgfmathparser.code.tex
\pgfmath@dimen=\dimen276
\pgfmath@count=\count319
\pgfmath@box=\box73
\pgfmath@toks=\toks36
\pgfmath@stack@operand=\toks37
\pgfmath@stack@operation=\toks38
)
(/usr/share/texlive/texmf-dist/tex/generic/pgf/math/pgfmathfunctions.code.tex
(/usr/share/texlive/texmf-dist/tex/generic/pgf/math/pgfmathfunctions.basic.code
.tex)
(/usr/share/texlive/texmf-dist/tex/generic/pgf/math/pgfmathfunctions.trigonomet
ric.code.tex)
(/usr/share/texlive/texmf-dist/tex/generic/pgf/math/pgfmathfunctions.random.cod
e.tex)
(/usr/share/texlive/texmf-dist/tex/generic/pgf/math/pgfmathfunctions.comparison
.code.tex)
(/usr/share/texlive/texmf-dist/tex/generic/pgf/math/pgfmathfunctions.base.code.
tex)
(/usr/share/texlive/texmf-dist/tex/generic/pgf/math/pgfmathfunctions.round.code
.tex)
(/usr/share/texlive/texmf-dist/tex/generic/pgf/math/pgfmathfunctions.misc.code.
tex)
(/usr/share/texlive/texmf-dist/tex/generic/pgf/math/pgfmathfunctions.integerari
thmetics.code.tex)))
(/usr/share/texlive/texmf-dist/tex/generic/pgf/math/pgfmathfloat.code.tex
\c@pgfmathroundto@lastzeros=\count320
))
(/usr/share/texlive/texmf-dist/tex/generic/pgf/math/pgfint.code.tex)
(/usr/share/texlive/texmf-dist/tex/generic/pgf/basiclayer/pgfcorepoints.code.te
x
File: pgfcorepoints.code.tex 2021/05/15 v3.1.9a (3.1.9a)
\pgf@picminx=\dimen277
\pgf@picmaxx=\dimen278
\pgf@picminy=\dimen279
\pgf@picmaxy=\dimen280
\pgf@pathminx=\dimen281
\pgf@pathmaxx=\dimen282
\pgf@pathminy=\dimen283
\pgf@pathmaxy=\dimen284
\pgf@xx=\dimen285
\pgf@xy=\dimen286
\pgf@yx=\dimen287
\pgf@yy=\dimen288
\pgf@zx=\dimen289
\pgf@zy=\dimen290
)
(/usr/share/texlive/texmf-dist/tex/generic/pgf/basiclayer/pgfcorepathconstruct.
code.tex
File: pgfcorepathconstruct.code.tex 2021/05/15 v3.1.9a (3.1.9a)
\pgf@path@lastx=\dimen291
\pgf@path@lasty=\dimen292
)
(/usr/share/texlive/texmf-dist/tex/generic/pgf/basiclayer/pgfcorepathusage.code
.tex
File: pgfcorepathusage.code.tex 2021/05/15 v3.1.9a (3.1.9a)
\pgf@shorten@end@additional=\dimen293
\pgf@shorten@start@additional=\dimen294
)
(/usr/share/texlive/texmf-dist/tex/generic/pgf/basiclayer/pgfcorescopes.code.te
x
File: pgfcorescopes.code.tex 2021/05/15 v3.1.9a (3.1.9a)
\pgfpic=\box74
\pgf@hbox=\box75
\pgf@layerbox@main=\box76
\pgf@picture@serial@count=\count321
)
(/usr/share/texlive/texmf-dist/tex/generic/pgf/basiclayer/pgfcoregraphicstate.c
ode.tex
File: pgfcoregraphicstate.code.tex 2021/05/15 v3.1.9a (3.1.9a)
\pgflinewidth=\dimen295
)
(/usr/share/texlive/texmf-dist/tex/generic/pgf/basiclayer/pgfcoretransformation
s.code.tex
File: pgfcoretransformations.code.tex 2021/05/15 v3.1.9a (3.1.9a)
\pgf@pt@x=\dimen296
\pgf@pt@y=\dimen297
\pgf@pt@temp=\dimen298
)
(/usr/share/texlive/texmf-dist/tex/generic/pgf/basiclayer/pgfcorequick.code.tex
File: pgfcorequick.code.tex 2021/05/15 v3.1.9a (3.1.9a)
)
(/usr/share/texlive/texmf-dist/tex/generic/pgf/basiclayer/pgfcoreobjects.code.t
ex
File: pgfcoreobjects.code.tex 2021/05/15 v3.1.9a (3.1.9a)
)
(/usr/share/texlive/texmf-dist/tex/generic/pgf/basiclayer/pgfcorepathprocessing
.code.tex
File: pgfcorepathprocessing.code.tex 2021/05/15 v3.1.9a (3.1.9a)
)
(/usr/share/texlive/texmf-dist/tex/generic/pgf/basiclayer/pgfcorearrows.code.te
x
File: pgfcorearrows.code.tex 2021/05/15 v3.1.9a (3.1.9a)
\pgfarrowsep=\dimen299
)
(/usr/share/texlive/texmf-dist/tex/generic/pgf/basiclayer/pgfcoreshade.code.tex
File: pgfcoreshade.code.tex 2021/05/15 v3.1.9a (3.1.9a)
\pgf@max=\dimen300
\pgf@sys@shading@range@num=\count322
\pgf@shadingcount=\count323
)
(/usr/share/texlive/texmf-dist/tex/generic/pgf/basiclayer/pgfcoreimage.code.tex
File: pgfcoreimage.code.tex 2021/05/15 v3.1.9a (3.1.9a)

(/usr/share/texlive/texmf-dist/tex/generic/pgf/basiclayer/pgfcoreexternal.code.
tex
File: pgfcoreexternal.code.tex 2021/05/15 v3.1.9a (3.1.9a)
\pgfexternal@startupbox=\box77
))
(/usr/share/texlive/texmf-dist/tex/generic/pgf/basiclayer/pgfcorelayers.code.te
x
File: pgfcorelayers.code.tex 2021/05/15 v3.1.9a (3.1.9a)
)
(/usr/share/texlive/texmf-dist/tex/generic/pgf/basiclayer/pgfcoretransparency.c
ode.tex
File: pgfcoretransparency.code.tex 2021/05/15 v3.1.9a (3.1.9a)
)
(/usr/share/texlive/texmf-dist/tex/generic/pgf/basiclayer/pgfcorepatterns.code.
tex
File: pgfcorepatterns.code.tex 2021/05/15 v3.1.9a (3.1.9a)
)
(/usr/share/texlive/texmf-dist/tex/generic/pgf/basiclayer/pgfcorerdf.code.tex
File: pgfcorerdf.code.tex 2021/05/15 v3.1.9a (3.1.9a)
)))
(/usr/share/texlive/texmf-dist/tex/generic/pgf/modules/pgfmoduleshapes.code.tex
File: pgfmoduleshapes.code.tex 2021/05/15 v3.1.9a (3.1.9a)
\pgfnodeparttextbox=\box78
) (/usr/share/texlive/texmf-dist/tex/generic/pgf/modules/pgfmoduleplot.code.tex
File: pgfmoduleplot.code.tex 2021/05/15 v3.1.9a (3.1.9a)
)
(/usr/share/texlive/texmf-dist/tex/latex/pgf/compatibility/pgfcomp-version-0-65
.sty
Package: pgfcomp-version-0-65 2021/05/15 v3.1.9a (3.1.9a)
\pgf@nodesepstart=\dimen301
\pgf@nodesepend=\dimen302
)
(/usr/share/texlive/texmf-dist/tex/latex/pgf/compatibility/pgfcomp-version-1-18
.sty
Package: pgfcomp-version-1-18 2021/05/15 v3.1.9a (3.1.9a)
)) (/usr/share/texlive/texmf-dist/tex/latex/pgf/utilities/pgffor.sty
(/usr/share/texlive/texmf-dist/tex/latex/pgf/utilities/pgfkeys.sty
(/usr/share/texlive/texmf-dist/tex/generic/pgf/utilities/pgfkeys.code.tex))
(/usr/share/texlive/texmf-dist/tex/latex/pgf/math/pgfmath.sty
(/usr/share/texlive/texmf-dist/tex/generic/pgf/math/pgfmath.code.tex))
(/usr/share/texlive/texmf-dist/tex/generic/pgf/utilities/pgffor.code.tex
Package: pgffor 2021/05/15 v3.1.9a (3.1.9a)

(/usr/share/texlive/texmf-dist/tex/generic/pgf/math/pgfmath.code.tex)
\pgffor@iter=\dimen303
\pgffor@skip=\dimen304
\pgffor@stack=\toks39
\pgffor@toks=\toks40
))
(/usr/share/texlive/texmf-dist/tex/generic/pgf/frontendlayer/tikz/tikz.code.tex
Package: tikz 2021/05/15 v3.1.9a (3.1.9a)

(/usr/share/texlive/texmf-dist/tex/generic/pgf/libraries/pgflibraryplothandlers
.code.tex
File: pgflibraryplothandlers.code.tex 2021/05/15 v3.1.9a (3.1.9a)
\pgf@plot@mark@count=\count324
\pgfplotmarksize=\dimen305
)
\tikz@lastx=\dimen306
\tikz@lasty=\dimen307
\tikz@lastxsaved=\dimen308
\tikz@lastysaved=\dimen309
\tikz@lastmovetox=\dimen310
\tikz@lastmovetoy=\dimen311
\tikzleveldistance=\dimen312
\tikzsiblingdistance=\dimen313
\tikz@figbox=\box79
\tikz@figbox@bg=\box80
\tikz@tempbox=\box81
\tikz@tempbox@bg=\box82
\tikztreelevel=\count325
\tikznumberofchildren=\count326
\tikznumberofcurrentchild=\count327
\tikz@fig@count=\count328

(/usr/share/texlive/texmf-dist/tex/generic/pgf/modules/pgfmodulematrix.code.tex
File: pgfmodulematrix.code.tex 2021/05/15 v3.1.9a (3.1.9a)
\pgfmatrixcurrentrow=\count329
\pgfmatrixcurrentcolumn=\count330
\pgf@matrix@numberofcolumns=\count331
)
\tikz@expandcount=\count332

(/usr/share/texlive/texmf-dist/tex/generic/pgf/frontendlayer/tikz/libraries/tik
zlibrarytopaths.code.tex
File: tikzlibrarytopaths.code.tex 2021/05/15 v3.1.9a (3.1.9a)
)))
(/usr/share/texlive/texmf-dist/tex/generic/pgf/frontendlayer/tikz/libraries/tik
zlibrarypositioning.code.tex
File: tikzlibrarypositioning.code.tex 2021/05/15 v3.1.9a (3.1.9a)
)
(/usr/share/texlive/texmf-dist/tex/generic/pgf/libraries/pgflibraryarrows.meta.
code.tex
File: pgflibraryarrows.meta.code.tex 2021/05/15 v3.1.9a (3.1.9a)
\pgfarrowinset=\dimen314
\pgfarrowlength=\dimen315
\pgfarrowwidth=\dimen316
\pgfarrowlinewidth=\dimen317
) (/usr/share/texlive/texmf-dist/tex/latex/enumitem/enumitem.sty
Package: enumitem 2019/06/20 v3.9 Customized lists
\labelindent=\skip82
\enit@outerparindent=\dimen318
\enit@toks=\toks41
\enit@inbox=\box83
\enit@count@id=\count333
\enitdp@description=\count334
)
(/usr/share/texlive/texmf-dist/tex/latex/caption/subcaption.sty
Package: subcaption 2020/10/07 v1.3j Sub-captions (AR)

(/usr/share/texlive/texmf-dist/tex/latex/caption/caption.sty
Package: caption 2020/10/26 v3.5g Customizing captions (AR)

(/usr/share/texlive/texmf-dist/tex/latex/caption/caption3.sty
Package: caption3 2020/10/21 v2.2e caption3 kernel (AR)
\captionmargin=\dimen319
\captionmargin@=\dimen320
\captionwidth=\dimen321
\caption@tempdima=\dimen322
\caption@indent=\dimen323
\caption@parindent=\dimen324
\caption@hangindent=\dimen325
Package caption Info: Standard document class detected.
)
\c@caption@flags=\count335
\c@continuedfloat=\count336
Package caption Info: hyperref package is loaded.
Package caption Info: listings package is loaded.
Package caption Info: longtable package is loaded.

(/usr/share/texlive/texmf-dist/tex/latex/caption/ltcaption.sty
Package: ltcaption 2020/05/30 v1.4b longtable captions (AR)
))
\c@subfigure=\count337
\c@subtable=\count338
)
(/usr/share/texlive/texmf-dist/tex/latex/fontspec/fontspec.sty
(/usr/share/texlive/texmf-dist/tex/latex/l3packages/xparse/xparse.sty
(/usr/share/texlive/texmf-dist/tex/latex/l3kernel/expl3.sty
Package: expl3 2022-01-21 L3 programming layer (loader) 

(/usr/share/texlive/texmf-dist/tex/latex/l3backend/l3backend-xetex.def
File: l3backend-xetex.def 2022-01-12 L3 backend support: XeTeX

(|extractbb --version)
\c__kernel_sys_dvipdfmx_version_int=\count339
\l__color_backend_stack_int=\count340
\g__color_backend_stack_int=\count341
\g__graphics_track_int=\count342
\l__pdf_internal_box=\box84
\g__pdf_backend_object_int=\count343
\g__pdf_backend_annotation_int=\count344
\g__pdf_backend_link_int=\count345
))
Package: xparse 2022-01-12 L3 Experimental document command parser
)
Package: fontspec 2022/01/15 v2.8a Font selection for XeLaTeX and LuaLaTeX

(/usr/share/texlive/texmf-dist/tex/latex/fontspec/fontspec-xetex.sty
Package: fontspec-xetex 2022/01/15 v2.8a Font selection for XeLaTeX and LuaLaTe
X
\l__fontspec_script_int=\count346
\l__fontspec_language_int=\count347
\l__fontspec_strnum_int=\count348
\l__fontspec_tmp_int=\count349
\l__fontspec_tmpa_int=\count350
\l__fontspec_tmpb_int=\count351
\l__fontspec_tmpc_int=\count352
\l__fontspec_em_int=\count353
\l__fontspec_emdef_int=\count354
\l__fontspec_strong_int=\count355
\l__fontspec_strongdef_int=\count356
\l__fontspec_tmpa_dim=\dimen326
\l__fontspec_tmpb_dim=\dimen327
\l__fontspec_tmpc_dim=\dimen328

(/usr/share/texlive/texmf-dist/tex/latex/base/fontenc.sty
Package: fontenc 2021/04/29 v2.0v Standard LaTeX package
)
(/usr/share/texlive/texmf-dist/tex/latex/fontspec/fontspec.cfg)))

Package fontspec Info: Font family 'TeXGyreTermes(0)' created for font 'TeX
(fontspec)             Gyre Termes' with options [Ligatures=TeX].
(fontspec)              
(fontspec)              This font family consists of the following NFSS
(fontspec)             series/shapes:
(fontspec)              
(fontspec)             - 'normal' (m/n) with NFSS spec.: <->"TeX Gyre
(fontspec)             Termes/OT:script=latn;language=dflt;mapping=tex-text;"
(fontspec)             - 'small caps'  (m/sc) with NFSS spec.: <->"TeX Gyre
(fontspec)             Termes/OT:script=latn;language=dflt;+smcp;mapping=tex-te
xt;"
(fontspec)             - 'bold' (b/n) with NFSS spec.: <->"TeX Gyre
(fontspec)             Termes/B/OT:script=latn;language=dflt;mapping=tex-text;"

(fontspec)             - 'bold small caps'  (b/sc) with NFSS spec.: <->"TeX
(fontspec)             Gyre
(fontspec)             Termes/B/OT:script=latn;language=dflt;+smcp;mapping=tex-
text;"
(fontspec)             - 'italic' (m/it) with NFSS spec.: <->"TeX Gyre
(fontspec)             Termes/I/OT:script=latn;language=dflt;mapping=tex-text;"

(fontspec)             - 'italic small caps'  (m/scit) with NFSS spec.:
(fontspec)             <->"TeX Gyre
(fontspec)             Termes/I/OT:script=latn;language=dflt;+smcp;mapping=tex-
text;"
(fontspec)             - 'bold italic' (b/it) with NFSS spec.: <->"TeX Gyre
(fontspec)             Termes/BI/OT:script=latn;language=dflt;mapping=tex-text;
"
(fontspec)             - 'bold italic small caps'  (b/scit) with NFSS spec.:
(fontspec)             <->"TeX Gyre
(fontspec)             Termes/BI/OT:script=latn;language=dflt;+smcp;mapping=tex
-text;"


Package fontspec Info: Could not resolve font "Noto Serif CJK KR/I" (it
(fontspec)             probably doesn't exist).


Package fontspec Info: Font family 'NotoSerifCJKKR(0)' created for font 'Noto
(fontspec)             Serif CJK KR' with options [Script=CJK].
(fontspec)              
(fontspec)              This font family consists of the following NFSS
(fontspec)             series/shapes:
(fontspec)              
(fontspec)             - 'normal' (m/n) with NFSS spec.: <->"Noto Serif CJK
(fontspec)             KR/OT:script=hani;language=dflt;"
(fontspec)             - 'small caps'  (m/sc) with NFSS spec.: 
(fontspec)             - 'bold' (b/n) with NFSS spec.: <->"Noto Serif CJK
(fontspec)             KR/B/OT:script=hani;language=dflt;"
(fontspec)             - 'bold small caps'  (b/sc) with NFSS spec.: 
(fontspec)             - 'bold italic' (b/it) with NFSS spec.: <->"Noto Serif
(fontspec)             CJK KR/BI/OT:script=hani;language=dflt;"
(fontspec)             - 'bold italic small caps'  (b/scit) with NFSS spec.: 


(./thesis_en.aux)
\openout1 = `thesis_en.aux'.

LaTeX Font Info:    Checking defaults for OML/cmm/m/it on input line 94.
LaTeX Font Info:    ... okay on input line 94.
LaTeX Font Info:    Checking defaults for OMS/cmsy/m/n on input line 94.
LaTeX Font Info:    ... okay on input line 94.
LaTeX Font Info:    Checking defaults for OT1/cmr/m/n on input line 94.
LaTeX Font Info:    ... okay on input line 94.
LaTeX Font Info:    Checking defaults for T1/cmr/m/n on input line 94.
LaTeX Font Info:    ... okay on input line 94.
LaTeX Font Info:    Checking defaults for TS1/cmr/m/n on input line 94.
LaTeX Font Info:    Trying to load font information for TS1+cmr on input line 9
4.
 (/usr/share/texlive/texmf-dist/tex/latex/base/ts1cmr.fd
File: ts1cmr.fd 2019/12/16 v2.5j Standard LaTeX font definitions
)
LaTeX Font Info:    ... okay on input line 94.
LaTeX Font Info:    Checking defaults for TU/lmr/m/n on input line 94.
LaTeX Font Info:    ... okay on input line 94.
LaTeX Font Info:    Checking defaults for OMX/cmex/m/n on input line 94.
LaTeX Font Info:    ... okay on input line 94.
LaTeX Font Info:    Checking defaults for U/cmr/m/n on input line 94.
LaTeX Font Info:    ... okay on input line 94.
LaTeX Font Info:    Checking defaults for PD1/pdf/m/n on input line 94.
LaTeX Font Info:    ... okay on input line 94.
LaTeX Font Info:    Checking defaults for PU/pdf/m/n on input line 94.
LaTeX Font Info:    ... okay on input line 94.

*geometry* driver: auto-detecting
*geometry* detected driver: xetex
*geometry* verbose mode - [ preamble ] result:
* driver: xetex
* paper: custom
* layout: <same size as paper>
* layoutoffset:(h,v)=(0.0pt,0.0pt)
* modes: 
* h-part:(L,W,R)=(99.58464pt, 341.43307pt, 99.58464pt)
* v-part:(T,H,B)=(99.58464pt, 540.60237pt, 99.58464pt)
* \paperwidth=540.60236pt
* \paperheight=739.77165pt
* \textwidth=341.43307pt
* \textheight=540.60237pt
* \oddsidemargin=27.31465pt
* \evensidemargin=27.31465pt
* \topmargin=-40.36447pt
* \headheight=42.67912pt
* \headsep=25.0pt
* \topskip=11.0pt
* \footskip=42.67912pt
* \marginparwidth=59.0pt
* \marginparsep=10.0pt
* \columnsep=10.0pt
* \skip\footins=10.0pt plus 4.0pt minus 2.0pt
* \hoffset=0.0pt
* \voffset=0.0pt
* \mag=1000
* \@twocolumnfalse
* \@twosidefalse
* \@mparswitchfalse
* \@reversemarginfalse
* (1in=72.27pt=25.4mm, 1cm=28.453pt)

\c@lstlisting=\count357
Package hyperref Info: Link coloring ON on input line 94.
(/usr/share/texlive/texmf-dist/tex/latex/hyperref/nameref.sty
Package: nameref 2021-04-02 v2.47 Cross-referencing by name of section

(/usr/share/texlive/texmf-dist/tex/latex/refcount/refcount.sty
Package: refcount 2019/12/15 v3.6 Data extraction from label references (HO)
)
(/usr/share/texlive/texmf-dist/tex/generic/gettitlestring/gettitlestring.sty
Package: gettitlestring 2019/12/15 v1.6 Cleanup title references (HO)
)
\c@section@level=\count358
)
LaTeX Info: Redefining \ref on input line 94.
LaTeX Info: Redefining \pageref on input line 94.
LaTeX Info: Redefining \nameref on input line 94.
Package caption Info: Begin \AtBeginDocument code.
Package caption Info: End \AtBeginDocument code.

Package fontspec Info: Adjusting the maths setup (use [no-math] to avoid
(fontspec)             this).

\symlegacymaths=\mathgroup7
LaTeX Font Info:    Overwriting symbol font `legacymaths' in version `bold'
(Font)                  OT1/cmr/m/n --> OT1/cmr/bx/n on input line 94.
LaTeX Font Info:    Redeclaring math accent \acute on input line 94.
LaTeX Font Info:    Redeclaring math accent \grave on input line 94.
LaTeX Font Info:    Redeclaring math accent \ddot on input line 94.
LaTeX Font Info:    Redeclaring math accent \tilde on input line 94.
LaTeX Font Info:    Redeclaring math accent \bar on input line 94.
LaTeX Font Info:    Redeclaring math accent \breve on input line 94.
LaTeX Font Info:    Redeclaring math accent \check on input line 94.
LaTeX Font Info:    Redeclaring math accent \hat on input line 94.
LaTeX Font Info:    Redeclaring math accent \dot on input line 94.
LaTeX Font Info:    Redeclaring math accent \mathring on input line 94.
LaTeX Font Info:    Redeclaring math symbol \Gamma on input line 94.
LaTeX Font Info:    Redeclaring math symbol \Delta on input line 94.
LaTeX Font Info:    Redeclaring math symbol \Theta on input line 94.
LaTeX Font Info:    Redeclaring math symbol \Lambda on input line 94.
LaTeX Font Info:    Redeclaring math symbol \Xi on input line 94.
LaTeX Font Info:    Redeclaring math symbol \Pi on input line 94.
LaTeX Font Info:    Redeclaring math symbol \Sigma on input line 94.
LaTeX Font Info:    Redeclaring math symbol \Upsilon on input line 94.
LaTeX Font Info:    Redeclaring math symbol \Phi on input line 94.
LaTeX Font Info:    Redeclaring math symbol \Psi on input line 94.
LaTeX Font Info:    Redeclaring math symbol \Omega on input line 94.
LaTeX Font Info:    Redeclaring math symbol \mathdollar on input line 94.
LaTeX Font Info:    Redeclaring symbol font `operators' on input line 94.
LaTeX Font Info:    Encoding `OT1' has changed to `TU' for symbol font
(Font)              `operators' in the math version `normal' on input line 94.
LaTeX Font Info:    Overwriting symbol font `operators' in version `normal'
(Font)                  OT1/cmr/m/n --> TU/TeXGyreTermes(0)/m/n on input line 9
4.
LaTeX Font Info:    Encoding `OT1' has changed to `TU' for symbol font
(Font)              `operators' in the math version `bold' on input line 94.
LaTeX Font Info:    Overwriting symbol font `operators' in version `bold'
(Font)                  OT1/cmr/bx/n --> TU/TeXGyreTermes(0)/m/n on input line 
94.
LaTeX Font Info:    Overwriting symbol font `operators' in version `normal'
(Font)                  TU/TeXGyreTermes(0)/m/n --> TU/TeXGyreTermes(0)/m/n on 
input line 94.
LaTeX Font Info:    Overwriting math alphabet `\mathit' in version `normal'
(Font)                  OT1/cmr/m/it --> TU/TeXGyreTermes(0)/m/it on input line
 94.
LaTeX Font Info:    Overwriting math alphabet `\mathbf' in version `normal'
(Font)                  OT1/cmr/bx/n --> TU/TeXGyreTermes(0)/b/n on input line 
94.
LaTeX Font Info:    Overwriting math alphabet `\mathsf' in version `normal'
(Font)                  OT1/cmss/m/n --> TU/lmss/m/n on input line 94.
LaTeX Font Info:    Overwriting math alphabet `\mathtt' in version `normal'
(Font)                  OT1/cmtt/m/n --> TU/lmtt/m/n on input line 94.
LaTeX Font Info:    Overwriting symbol font `operators' in version `bold'
(Font)                  TU/TeXGyreTermes(0)/m/n --> TU/TeXGyreTermes(0)/b/n on 
input line 94.
LaTeX Font Info:    Overwriting math alphabet `\mathit' in version `bold'
(Font)                  OT1/cmr/bx/it --> TU/TeXGyreTermes(0)/b/it on input lin
e 94.
LaTeX Font Info:    Overwriting math alphabet `\mathsf' in version `bold'
(Font)                  OT1/cmss/bx/n --> TU/lmss/b/n on input line 94.
LaTeX Font Info:    Overwriting math alphabet `\mathtt' in version `bold'
(Font)                  OT1/cmtt/m/n --> TU/lmtt/b/n on input line 94.
*geometry* verbose mode - [ newgeometry ] result:
* driver: xetex
* paper: custom
* layout: <same size as paper>
* layoutoffset:(h,v)=(0.0pt,0.0pt)
* modes: 
* h-part:(L,W,R)=(56.9055pt, 426.79135pt, 56.9055pt)
* v-part:(T,H,B)=(71.13188pt, 625.96065pt, 42.67912pt)
* \paperwidth=540.60236pt
* \paperheight=739.77165pt
* \textwidth=426.79135pt
* \textheight=625.96065pt
* \oddsidemargin=-15.36449pt
* \evensidemargin=-15.36449pt
* \topmargin=-68.81723pt
* \headheight=42.67912pt
* \headsep=25.0pt
* \topskip=11.0pt
* \footskip=42.67912pt
* \marginparwidth=59.0pt
* \marginparsep=10.0pt
* \columnsep=10.0pt
* \skip\footins=10.0pt plus 4.0pt minus 2.0pt
* \hoffset=0.0pt
* \voffset=0.0pt
* \mag=1000
* \@twocolumnfalse
* \@twosidefalse
* \@mparswitchfalse
* \@reversemarginfalse
* (1in=72.27pt=25.4mm, 1cm=28.453pt)


(/usr/share/texlive/texmf-dist/tex/generic/stringenc/se-ascii-print.def
File: se-ascii-print.def 2019/11/29 v1.12 stringenc: Printable ASCII characters

)
[1


]
*geometry* verbose mode - [ newgeometry ] result:
* driver: xetex
* paper: custom
* layout: <same size as paper>
* layoutoffset:(h,v)=(0.0pt,0.0pt)
* modes: 
* h-part:(L,W,R)=(56.9055pt, 426.79135pt, 56.9055pt)
* v-part:(T,H,B)=(71.13188pt, 625.96065pt, 42.67912pt)
* \paperwidth=540.60236pt
* \paperheight=739.77165pt
* \textwidth=426.79135pt
* \textheight=625.96065pt
* \oddsidemargin=-15.36449pt
* \evensidemargin=-15.36449pt
* \topmargin=-68.81723pt
* \headheight=42.67912pt
* \headsep=25.0pt
* \topskip=11.0pt
* \footskip=42.67912pt
* \marginparwidth=59.0pt
* \marginparsep=10.0pt
* \columnsep=10.0pt
* \skip\footins=10.0pt plus 4.0pt minus 2.0pt
* \hoffset=0.0pt
* \voffset=0.0pt
* \mag=1000
* \@twocolumnfalse
* \@twosidefalse
* \@mparswitchfalse
* \@reversemarginfalse
* (1in=72.27pt=25.4mm, 1cm=28.453pt)

 [2



]
*geometry* verbose mode - [ newgeometry ] result:
* driver: xetex
* paper: custom
* layout: <same size as paper>
* layoutoffset:(h,v)=(0.0pt,0.0pt)
* modes: 
* h-part:(L,W,R)=(56.9055pt, 426.79135pt, 56.9055pt)
* v-part:(T,H,B)=(71.13188pt, 625.96065pt, 42.67912pt)
* \paperwidth=540.60236pt
* \paperheight=739.77165pt
* \textwidth=426.79135pt
* \textheight=625.96065pt
* \oddsidemargin=-15.36449pt
* \evensidemargin=-15.36449pt
* \topmargin=-68.81723pt
* \headheight=42.67912pt
* \headsep=25.0pt
* \topskip=11.0pt
* \footskip=42.67912pt
* \marginparwidth=59.0pt
* \marginparsep=10.0pt
* \columnsep=10.0pt
* \skip\footins=10.0pt plus 4.0pt minus 2.0pt
* \hoffset=0.0pt
* \voffset=0.0pt
* \mag=1000
* \@twocolumnfalse
* \@twosidefalse
* \@mparswitchfalse
* \@reversemarginfalse
* (1in=72.27pt=25.4mm, 1cm=28.453pt)

LaTeX Font Info:    Trying to load font information for U+msa on input line 108
.
 (/usr/share/texlive/texmf-dist/tex/latex/amsfonts/umsa.fd
File: umsa.fd 2013/01/14 v3.01 AMS symbols A
)
LaTeX Font Info:    Trying to load font information for U+msb on input line 108
.

(/usr/share/texlive/texmf-dist/tex/latex/amsfonts/umsb.fd
File: umsb.fd 2013/01/14 v3.01 AMS symbols B
)
LaTeX Font Info:    Trying to load font information for U+rsfs on input line 10
8.

(/usr/share/texlive/texmf-dist/tex/latex/jknapltx/ursfs.fd
File: ursfs.fd 1998/03/24 rsfs font definition file (jk)
) [3



]
(./front_en/acknowledgments.tex) [4



] [5] (./front_en/abstract.tex
LaTeX Font Info:    Calculating math sizes for size <11> on input line 8.


LaTeX Font Warning: Font shape `OML/cmm/m/it' in size <5.5> not available
(Font)              size <5> substituted on input line 8.


LaTeX Font Warning: Font shape `OMS/cmsy/m/n' in size <5.5> not available
(Font)              size <5> substituted on input line 8.


LaTeX Font Warning: Font shape `U/rsfs/m/n' in size <5.5> not available
(Font)              size <5> substituted on input line 8.


LaTeX Font Warning: Font shape `OT1/cmr/m/n' in size <5.5> not available
(Font)              size <5> substituted on input line 8.


Overfull \hbox (0.46303pt too wide) in paragraph at lines 5--10
[]\TU/TeXGyreTermes(0)/m/n/11 This dissertation presents MutBench, the first sy
stematic benchmark frame-
 []

[6


] [7])
Overfull \hbox (1.151pt too wide) in paragraph at lines 18--118
\TU/TeXGyreTermes(0)/b/n/11 Keywords\TU/TeXGyreTermes(0)/m/n/11 : mutation hots
pot detection, benchmark framework, viral genomics,
 []

[8] (./thesis_en.toc [1


] [2] [3] [4]
Missing character: There is no 국 (U+AD6D) in font TeX Gyre Termes Bold/OT:scrip
t=latn;language=dflt;mapping=tex-text;!
Missing character: There is no 문 (U+BB38) in font TeX Gyre Termes Bold/OT:scrip
t=latn;language=dflt;mapping=tex-text;!
Missing character: There is no 초 (U+CD08) in font TeX Gyre Termes Bold/OT:scrip
t=latn;language=dflt;mapping=tex-text;!
Missing character: There is no 록 (U+B85D) in font TeX Gyre Termes Bold/OT:scrip
t=latn;language=dflt;mapping=tex-text;!
)
\tf@toc=\write4
\openout4 = `thesis_en.toc'.

 [5] (./thesis_en.lot
Overfull \hbox (9.95978pt too wide) in paragraph at lines 14--14
 [][] [][][]\TU/TeXGyreTermes(0)/m/n/10.95 Region-level BCa bootstrap 95% confi
dence intervals for hotspot- 
 []


Overfull \hbox (1.63414pt too wide) in paragraph at lines 14--14
 \TU/TeXGyreTermes(0)/m/n/10.95 score (1,000 resamplings of 7 functional region
s, bias-corrected 
 []


Overfull \hbox (12.05484pt too wide) in paragraph at lines 15--15
 [][] [][][]\TU/TeXGyreTermes(0)/m/n/10.95 Hotspot-score weight sensitivity ana
lysis: method rankings across 
 []

[6


]
Overfull \hbox (10.00598pt too wide) in paragraph at lines 21--21
 [][] [][][]\TU/TeXGyreTermes(0)/m/n/10.95 Benchmark results including external
 independent methods. Syn- 
 []


Overfull \hbox (3.47556pt too wide) in paragraph at lines 22--22
 [][] [][][]\TU/TeXGyreTermes(0)/m/n/10.95 Influenza A H3N2 HA cross-pathogen b
enchmark results (1,967 
 []


Overfull \hbox (9.7444pt too wide) in paragraph at lines 24--24
 \TU/TeXGyreTermes(0)/m/n/10.95 TreeTime ML-inferred homoplasy counts for SARS-
CoV-2 Spike 
 []


Overfull \hbox (6.3162pt too wide) in paragraph at lines 27--27
 \TU/TeXGyreTermes(0)/m/n/10.95 indicates the position of ESM-LLR among 10 tota
l scoring meth- 
 []

[7]
Overfull \hbox (11.41066pt too wide) in paragraph at lines 31--31
 [][] [][][]\TU/TeXGyreTermes(0)/m/n/10.95 Best scoring–detection combination a
nd DMS F1 by DMS ground 
 []

)
\tf@lot=\write5
\openout5 = `thesis_en.lot'.

 [8] (./thesis_en.lof
Overfull \hbox (14.13902pt too wide) in paragraph at lines 4--4
 \TU/TeXGyreTermes(0)/m/n/10.95 through scoring formulas and detection methods,
 evaluated against 
 []


Overfull \hbox (1.96867pt too wide) in paragraph at lines 7--7
 [][] [][][]\TU/TeXGyreTermes(0)/m/n/10.95 Method comparison on synthetic SARS-
CoV-2 data. MutClust- 
 []

[9


]
Overfull \hbox (3.6562pt too wide) in paragraph at lines 10--10
 [][] [][][]\TU/TeXGyreTermes(0)/m/n/10.95 Detection performance across multipl
e biological ground truths. 
 []


Overfull \hbox (10.95985pt too wide) in paragraph at lines 11--11
 \TU/TeXGyreTermes(0)/m/n/10.95 highest F1 in predicting experimentally measure
d single-mutation 
 []

)
\tf@lof=\write6
\openout6 = `thesis_en.lof'.

 [10] (./chapters_en/ch1_introduction.tex
Chapter 1.

Overfull \hbox (0.60307pt too wide) in paragraph at lines 12--14
[]\TU/TeXGyreTermes(0)/m/n/10.95 Accurately identifying mutation hotspots enabl
es three critical applications:
 []

[1


]
Overfull \hbox (0.58122pt too wide) in paragraph at lines 15--17
[]\TU/TeXGyreTermes(0)/m/n/10.95 However, no systematic benchmark framework has
 been established to com-
 []

[2]
Overfull \hbox (10.56198pt too wide) in paragraph at lines 35--39
\TU/TeXGyreTermes(0)/m/n/10.95 Whether differences in pathogen-specific genomic
 characteristics (genome length,
 []

[3]
Overfull \hbox (19.42055pt too wide) in paragraph at lines 47--48
\TU/TeXGyreTermes(0)/m/n/10.95 fitness), the composite evaluation metric hotspo
t-score $\OT1/cmr/m/n/10.95 = ([] + [] +
 []

[4]
Overfull \hbox (8.84283pt too wide) in paragraph at lines 49--50
[]\TU/TeXGyreTermes(0)/b/n/10.95 Statistical demonstration of the necessity of 
pathogen-adaptive method
 []


Overfull \hbox (0.70702pt too wide) in paragraph at lines 63--67
\TU/TeXGyreTermes(0)/m/n/10.95 results statistically establish that the premise
 of a single best-performing method
 []

[5] [6]) (./chapters_en/ch2_background.tex [7]
Chapter 2.

Overfull \hbox (4.2426pt too wide) in paragraph at lines 23--29
\TU/TeXGyreTermes(0)/m/n/10.95 comprehensive molecular characterization of comp
lex diseases. Numerous MOI
 []

[8

] [9] [10] [11]
Overfull \hbox (0.50992pt too wide) in paragraph at lines 67--72
\TU/TeXGyreTermes(0)/m/n/10.95 fines high-density regions as clusters and class
ifies low-density regions as noise.
 []

[12] [13]
Overfull \hbox (12.1157pt too wide) in paragraph at lines 110--113
\TU/TeXGyreTermes(0)/m/n/10.95 plementary metrics is directly transferred to Mu
tBench’s hotspot-score $\OT1/cmr/m/n/10.95 = ([] +
 []

[14] [15]
Overfull \hbox (2.63057pt too wide) in paragraph at lines 138--141
\TU/TeXGyreTermes(0)/m/n/10.95 10 known functional mutations examined for valid
ation, 9 were contained within
 []


Overfull \hbox (2.15971pt too wide) in paragraph at lines 138--141
\TU/TeXGyreTermes(0)/m/n/10.95 hotspots, including D614G, E484K, N501Y, and L45
2R, and the highest hotspot
 []

[16] [17])
Overfull \hbox (1.9772pt too wide) in paragraph at lines 188--142
\TU/TeXGyreTermes(0)/m/n/10.95 construction, a composite evaluation framework, 
and parameter sensitivity anal-
 []

(./chapters_en/ch3_methods.tex [18] [19]
Chapter 3.
[20

]
Overfull \hbox (6.15277pt too wide) in paragraph at lines 32--34
\TU/TeXGyreTermes(0)/m/n/10.95 included—frequency-based thresholding and slidin
g window—to verify whether
 []

[21] [22] [23] [24]
File: ../../results/mutbench//genome_hotspot_map.png Graphic file (type bmp)
<../../results/mutbench//genome_hotspot_map.png>
 [25] [26] [27] [28] [29] [30]
Overfull \hbox (1.97626pt too wide) in paragraph at lines 244--245
[]\TU/TeXGyreTermes(0)/b/n/10.95 HDBSCAN clustering\TU/TeXGyreTermes(0)/m/n/10.
95 : Candidate positions are clustered by HDBSCAN
 []

[31] [32] [33]
Overfull \hbox (3.89539pt too wide) in paragraph at lines 301--302
[]\TU/TeXGyreTermes(0)/b/n/10.95 Original H-score\TU/TeXGyreTermes(0)/m/n/10.95
 : Uses MutClust’s original H-score formula (Equation [][]3.2[][])
 []

[34] [35] [36] [37]
Overfull \hbox (14.77321pt too wide) in paragraph at lines 372--379
\TU/TeXGyreTermes(0)/m/n/10.95 Nine pathogens are targeted: SARS-CoV-2, Influen
za A H3N2 (H3N2), Norovirus,
 []

[38] [39] [40] [41]
Overfull \hbox (4.89915pt too wide) in paragraph at lines 472--474
[]\TU/TeXGyreTermes(0)/b/n/10.95 Statistical and model-based \TU/TeXGyreTermes(
0)/m/n/10.95 (SlidingTest, LocalContrast, GradPeak, Bayes,
 []


Overfull \hbox (3.94pt too wide) in paragraph at lines 472--474
\TU/TeXGyreTermes(0)/m/n/10.95 significantly deviating from the background: Sli
dingTest and SWAN use sliding-
 []


Overfull \hbox (0.90475pt too wide) in paragraph at lines 472--474
\TU/TeXGyreTermes(0)/m/n/10.95 window $\OML/cmm/m/it/10.95 z$\TU/TeXGyreTermes(
0)/m/n/10.95 -tests against the global mean, LocalContrast computes local $\OML
/cmm/m/it/10.95 z$\TU/TeXGyreTermes(0)/m/n/10.95 -scores,
 []

[42]
Overfull \hbox (2.50282pt too wide) in paragraph at lines 488--494
\TU/TeXGyreTermes(0)/m/n/10.95 piled from published studies that identified con
vergent evolution sites (Table [][]3.5[][],
 []

[43] [44] [45]
Overfull \hbox (4.06772pt too wide) in paragraph at lines 557--560
[]\TU/TeXGyreTermes(0)/b/n/10.95 MCC (Matthews Correlation Coefficient)\TU/TeXG
yreTermes(0)/m/n/10.95 : The primary evaluation met-
 []

[46] [47]
Overfull \hbox (1.32408pt too wide) in paragraph at lines 584--586
\TU/TeXGyreTermes(0)/m/n/10.95 family (15 levels), and pathogen (9 levels) as f
actors. Bias-corrected $\OML/cmm/m/it/10.95 ![]$ \TU/TeXGyreTermes(0)/m/n/10.95
 (omega-
 []

[48] [49]) (./chapters_en/ch4_results.tex [50]
Chapter 4.
[51

] [52] [53]
Overfull \hbox (1.03189pt too wide) in paragraph at lines 89--94
\TU/TeXGyreTermes(0)/m/n/10.95 Auto with the high precision of MutClust-Hybrid,
 a two-stage detection pipeline
 []


Overfull \hbox (7.50938pt too wide) in paragraph at lines 89--94
\TU/TeXGyreTermes(0)/m/n/10.95 was additionally validated. The intersection of 
positions detected by HDBSCAN-
 []

[54]
File: figures//new_methodology_comparison.png Graphic file (type bmp)
<figures//new_methodology_comparison.png>
 [55] [56]
Overfull \hbox (10.27005pt too wide) in paragraph at lines 141--149
\TU/TeXGyreTermes(0)/m/n/10.95 call, precision, stability), recall and precisio
n—which depend on spatial overlap—
 []

[57] [58] [59] [60]
Overfull \hbox (1.24722pt too wide) in paragraph at lines 227--230
\TU/TeXGyreTermes(0)/m/n/10.95 first-place ranking is robust to weight selectio
n, confirming that the equal weight
 []


Overfull \hbox (5.34616pt too wide) in paragraph at lines 240--241
\TU/TeXGyreTermes(0)/m/n/10.95 To determine the minimum number of input sequenc
es required for stable hotspot
 []

[61]
File: figures//sample_size_convergence.png Graphic file (type bmp)
<figures//sample_size_convergence.png>
File: figures//sensitivity_heatmap.png Graphic file (type bmp)
<figures//sensitivity_heatmap.png>
 [62] [63]
Overfull \hbox (13.2983pt too wide) in paragraph at lines 328--332
\TU/TeXGyreTermes(0)/m/n/10.95 call with increasing threshold, while precision 
remains relatively stable. MutClust-
 []

[64]
Overfull \hbox (2.81668pt too wide) in paragraph at lines 337--338
\TU/TeXGyreTermes(0)/m/n/10.95 9,957 full-length SARS-CoV-2 genome sequences (h
ost: human) collected from
 []

[65] [66]
Overfull \hbox (5.25124pt too wide) in paragraph at lines 380--381
\TU/TeXGyreTermes(0)/m/n/10.95 recurrent positive selection across independent 
SARS-CoV-2 lineages [[],
 []

[67] [68]
File: figures//multi_ground_truth_figure.png Graphic file (type bmp)
<figures//multi_ground_truth_figure.png>
File: figures//dms_evaluation_comparison.png Graphic file (type bmp)
<figures//dms_evaluation_comparison.png>
 [69] [70] [71] [72]
Overfull \hbox (24.6318pt too wide) in paragraph at lines 488--491
\TU/TeXGyreTermes(0)/m/n/10.95 pendent clustering-based methods—OPTICS and kern
el density estimation (KDE)—
 []

[73]
Overfull \hbox (5.15636pt too wide) in paragraph at lines 518--523
\TU/TeXGyreTermes(0)/m/n/10.95 Hybrid’s superiority is attributable to the stru
ctural advantage of domain-specific
 []

[74]
Overfull \hbox (4.6089pt too wide) in paragraph at lines 533--537
\TU/TeXGyreTermes(0)/m/n/10.95 tional signals injected at indel positions) show
ed that the F1 impact for MutClust-
 []

[75] [76] [77]
Overfull \hbox (1.98279pt too wide) in paragraph at lines 619--621
[]\TU/TeXGyreTermes(0)/m/n/10.95 The best-performing method differs between the
 two pathogens—MutClust-
 []


Overfull \hbox (8.49243pt too wide) in paragraph at lines 619--621
\TU/TeXGyreTermes(0)/m/n/10.95 score distribution, signal-to-background contras
t)”—in an independent pathogen. 
 []

[78]
Overfull \hbox (2.33856pt too wide) in paragraph at lines 635--636
\TU/TeXGyreTermes(0)/m/n/10.95 To quantitatively evaluate whether H-scores can 
be biased by phylogenetic struc-
 []

[79] [80] [81]
Overfull \hbox (9.13974pt too wide) in paragraph at lines 666--669
\TU/TeXGyreTermes(0)/m/n/10.95 and TreeTime reconstructed ancestral sequences a
t all internal nodes; per-position
 []


Overfull \hbox (5.38037pt too wide) in paragraph at lines 675--692
 [][] 
 []

[82] [83] [84]
Overfull \hbox (1.09181pt too wide) in paragraph at lines 721--727
\TU/TeXGyreTermes(0)/m/n/10.95 These zero-detection evaluations are treated as 
MCC = 0. However, the ANOVA
 []

[85]
Overfull \hbox (2.324pt too wide) in paragraph at lines 731--732
\TU/TeXGyreTermes(0)/m/n/10.95 The best scoring–detection combination was selec
ted for each of the 9 pathogens
 []

[86]

Package hyperref Warning: Token not allowed in a PDF string (Unicode):
(hyperref)                removing `math shift' on input line 766.


Package hyperref Warning: Token not allowed in a PDF string (Unicode):
(hyperref)                removing `\omega' on input line 766.


Package hyperref Warning: Token not allowed in a PDF string (Unicode):
(hyperref)                removing `superscript' on input line 766.


Package hyperref Warning: Token not allowed in a PDF string (Unicode):
(hyperref)                removing `math shift' on input line 766.

[87] [88] [89]
Overfull \hbox (4.40079pt too wide) in paragraph at lines 821--822
\TU/TeXGyreTermes(0)/m/n/10.95 providing the strongest statistical evidence for
 the necessity of pathogen-adaptive
 []

[90] [91] [92]
Overfull \hbox (0.49895pt too wide) in paragraph at lines 864--864
[]\TU/TeXGyreTermes(0)/b/n/12 Cross-Paradigm Validation: Protein Language Model
 Scor-
 []


Overfull \hbox (2.1658pt too wide) in paragraph at lines 867--868
\TU/TeXGyreTermes(0)/m/n/10.95 quence alignment. This provides orthogonal valid
ation of the benchmark frame-
 []


Overfull \hbox (43.85pt too wide) in paragraph at lines 867--868
\TU/TeXGyreTermes(0)/m/n/10.95 work because the scoring signal originates from 
a fundamentally different methodology—
 []


Overfull \hbox (22.41782pt too wide) in paragraph at lines 869--870
\TU/TeXGyreTermes(0)/m/n/10.95 scoring: a single forward pass through the model
 yields $[]\OT1/cmr/m/n/10.95 [\OML/cmm/m/it/10.95 i\OT1/cmr/m/n/10.95 ] = \OMS
/cmsy/m/n/10.95 ^^@ [] \OML/cmm/m/it/10.95 P\OT1/cmr/m/n/10.95 (\OML/cmm/m/it/1
0.95 a[] \OMS/cmsy/m/n/10.95 j
 []

[93]
Overfull \hbox (34.21483pt too wide) in paragraph at lines 876--893
 [][] 
 []

[94]
Overfull \hbox (3.29893pt too wide) in paragraph at lines 899--899
[]\TU/TeXGyreTermes(0)/b/n/12 Summary of Key Findings: The Need for Pathogen-Ad
aptive
 []


Overfull \hbox (5.25491pt too wide) in paragraph at lines 902--903
\TU/TeXGyreTermes(0)/m/n/10.95 Synthesizing the key results of the 9-pathogen b
enchmark, the need for pathogen-
 []

[95]
Overfull \hbox (7.66196pt too wide) in paragraph at lines 908--909
[]\TU/TeXGyreTermes(0)/b/n/10.95 Significant combination differences\TU/TeXGyre
Termes(0)/m/n/10.95 : Friedman $\OML/cmm/m/it/10.95 ^^_[] \OT1/cmr/m/n/10.95 = 
42\OML/cmm/m/it/10.95 :\OT1/cmr/m/n/10.95 44$\TU/TeXGyreTermes(0)/m/n/10.95 , $
\OML/cmm/m/it/10.95 p \OT1/cmr/m/n/10.95 = 0\OML/cmm/m/it/10.95 :\OT1/cmr/m/n/1
0.95 0015$\TU/TeXGyreTermes(0)/m/n/10.95 .
 []


Overfull \hbox (17.71477pt too wide) in paragraph at lines 916--921
\TU/TeXGyreTermes(0)/m/n/10.95 match with 4.9% generalization ratio. To test PA
HD’s core hypothesis—“pathogens
 []


Overfull \hbox (33.71759pt too wide) in paragraph at lines 916--921
\TU/TeXGyreTermes(0)/m/n/10.95 with similar mutation profiles share similar bes
t-performing detection combinations”—
 []

[96] [97] [98]

Package hyperref Warning: Token not allowed in a PDF string (Unicode):
(hyperref)                removing `math shift' on input line 964.


Package hyperref Warning: Token not allowed in a PDF string (Unicode):
(hyperref)                removing `math shift' on input line 964.

[99] [100]) (./chapters_en/ch5_discussion.tex [101]
Chapter 5.
[102

] [103]
Overfull \hbox (0.17653pt too wide) in paragraph at lines 37--40
\TU/TeXGyreTermes(0)/m/n/10.95 suring no circularity between evaluation and det
ection. Min-max normalization
 []


Overfull \hbox (10.59853pt too wide) in paragraph at lines 48--51
\TU/TeXGyreTermes(0)/m/n/10.95 The H-score saturation phenomenon observed in te
mporal validation (Section [][]4.4[][])
 []

[104]
Overfull \hbox (21.1068pt too wide) in paragraph at lines 56--61
\TU/TeXGyreTermes(0)/m/n/10.95 method rankings observed within SARS-CoV-2 fores
hadow the pathogen-dependent
 []

[105] [106] [107] [108]
Overfull \hbox (9.46124pt too wide) in paragraph at lines 97--97
[]\TU/TeXGyreTermes(0)/b/n/14.4 Practical Implications and Fundamental Limitati
ons 
 []


Overfull \hbox (5.54694pt too wide) in paragraph at lines 103--105
\TU/TeXGyreTermes(0)/m/n/10.95 Hybrid’s higher recall suggests potential for ea
rlier detection of emerging hotspot
 []

[109]
Overfull \hbox (9.01176pt too wide) in paragraph at lines 106--110
[]\TU/TeXGyreTermes(0)/m/n/10.95 A two-stage detection pipeline—first-stage bro
ad screening with HDBSCAN-
 []


Overfull \hbox (12.44539pt too wide) in paragraph at lines 106--110
\TU/TeXGyreTermes(0)/m/n/10.95 Auto followed by second-stage high-precision con
firmation with MutClust-Hybrid
 []


Overfull \hbox (15.26685pt too wide) in paragraph at lines 115--117
\TU/TeXGyreTermes(0)/m/n/10.95 and frequency-based approaches cannot distinguis
h positive selection from founder
 []


Overfull \hbox (27.87955pt too wide) in paragraph at lines 118--122
[]\TU/TeXGyreTermes(0)/m/n/10.95 Proof-of-concept simulations (Section [][]4.11
.1[][]) demonstrated that Fitch parsimony-
 []

[110] [111]
Overfull \hbox (12.20724pt too wide) in paragraph at lines 162--166
\TU/TeXGyreTermes(0)/m/n/10.95 H-score saturation, phylogenetic non-independenc
e, and GISAID sampling bias—
 []

[112]) (./chapters_en/ch6_conclusion.tex [113]
Chapter 6.
[114

]
Overfull \hbox (0.49968pt too wide) in paragraph at lines 18--26
[]\TU/TeXGyreTermes(0)/b/n/10.95 Contribution 2. Statistical Demonstration of t
he Necessity of Pathogen-
 []


Overfull \hbox (2.88242pt too wide) in paragraph at lines 18--26
\TU/TeXGyreTermes(0)/m/n/10.95 confirmed that performance rankings among method
s systematically vary across
 []

[115] [116]
Overfull \hbox (0.94058pt too wide) in paragraph at lines 68--71
\TU/TeXGyreTermes(0)/m/n/10.95 position-specific fitness prediction using prote
in language models (ESM-2, etc.)
 []

[117] [118] [119]
Overfull \hbox (11.66429pt too wide) in paragraph at lines 115--120
\TU/TeXGyreTermes(0)/m/n/10.95 based scoring captures qualitatively different e
volutionary signals from frequency-
 []


Overfull \hbox (3.6453pt too wide) in paragraph at lines 115--120
\TU/TeXGyreTermes(0)/m/n/10.95 scaling with sequence count, but recent ultrafas
t alternatives such as UShER [[]]
 []

[120]
Overfull \hbox (12.23738pt too wide) in paragraph at lines 128--130
\TU/TeXGyreTermes(0)/m/n/10.95 Additionally, a multi-scale scoring system is en
visioned that utilizes log-likelihood
 []

[121]
Overfull \hbox (3.39218pt too wide) in paragraph at lines 140--146
\TU/TeXGyreTermes(0)/m/n/10.95 method exists. Before MutBench, researchers depl
oying hotspot detection meth-
 []

[122]) (./thesis_en.bbl [123]
Underfull \hbox (badness 1009) in paragraph at lines 11--19
\TU/TeXGyreTermes(0)/m/n/10.95 Gupta, Emma C. Thomson, Ewan M. Harrison, Cather
ine Ludden,
 []

[124

] [125] [126]
Underfull \hbox (badness 3758) in paragraph at lines 170--175
[]\TU/TeXGyreTermes(0)/m/n/10.95 Bhumika Mullick, Rohit Magar, Aditya Jhunjhunw
ala, and Amir
 []

[127] [128]
Underfull \hbox (badness 1320) in paragraph at lines 218--222
\TU/TeXGyreTermes(0)/m/it/10.95 2013, Part II, LNAI 7819\TU/TeXGyreTermes(0)/m/
n/10.95 , pages 160–172, 2013.  doi: $[][] [] [][][][] []
 []

[129] [130] [131]
Underfull \hbox (badness 4608) in paragraph at lines 354--363
[]\TU/TeXGyreTermes(0)/m/n/10.95 Alessandro M. Carabelli, Thomas P. Peacock, Lu
cy G. Thorne,
 []

[132] [133]
Underfull \hbox (badness 1953) in paragraph at lines 421--427
[]\TU/TeXGyreTermes(0)/m/n/10.95 Vicente Mas, Haresh Nair, Harry Campbell, Jose
 A Melero, and
 []

[134] [135] [136] [137]) [138] (./front/abstract_kr.tex
Overfull \hbox (8.46597pt too wide) in paragraph at lines 161--4
\TU/NotoSerifCJKKR(0)/m/n/11 바이러스 게놈의 변이 핫스팟 탐지는 변이주 감시와 백신 설계에 필수적이나,
 []


Overfull \hbox (34.71193pt too wide) in paragraph at lines 5--10
\TU/NotoSerifCJKKR(0)/m/n/11 세 가지 핵심 구성요소를 포함한다: (1) 수렴 진화 위치를 양성 선택 기준(Layer A
),
 []


Overfull \hbox (23.36635pt too wide) in paragraph at lines 5--10
\TU/NotoSerifCJKKR(0)/m/n/11 Scanning(DMS) 실험적 적합도 데이터를 기능적 검증(Layer C)으로 통합하는
 []


Overfull \hbox (7.15866pt too wide) in paragraph at lines 5--10
\TU/NotoSerifCJKKR(0)/m/n/11 scoring $\OMS/cmsy/m/n/10.95 ^^B$ \TU/NotoSerifCJK
KR(0)/m/n/11 41개 detection $\OMS/cmsy/m/n/10.95 ^^B$ \TU/NotoSerifCJKKR(0)/m/n/
11 9개 병원체)를 수행하는 2단계 실험 설계이다. 
 []

[139

]
Overfull \hbox (28.02837pt too wide) in paragraph at lines 11--13
\TU/NotoSerifCJKKR(0)/m/n/11 달성하여, 도메인 특화 사전지식과 데이터 기반 클러스터링의 결합이 효과적임을
 []


Overfull \hbox (14.53209pt too wide) in paragraph at lines 11--13
\TU/NotoSerifCJKKR(0)/m/n/11 확인되었고($\OML/cmm/m/it/10.95 ![] \OT1/cmr/m/n/10.95 
= 0\OML/cmm/m/it/10.95 :\OT1/cmr/m/n/10.95 285$\TU/NotoSerifCJKKR(0)/m/n/11 ), 
Friedman 검정에서 단일 최적 방법이
 []

) [140] (./thesis_en.aux)

LaTeX Font Warning: Size substitutions with differences
(Font)              up to 0.5pt have occurred.

 ) 
Here is how much of TeX's memory you used:
 29871 strings out of 477728
 600704 string characters out of 5842239
 936192 words of memory out of 5000000
 49910 multiletter control sequences out of 15000+600000
 482798 words of font info for 147 fonts, out of 8000000 for 9000
 264 hyphenation exceptions out of 8191
 84i,13n,131p,1088b,829s stack positions out of 5000i,500n,10000p,200000b,80000s

Output written on thesis_en.pdf (158 pages).
